17
2000001 CELL:  6.120300 13.777900 13.443500 90.000000 99.229000 90.000000 
Zr    -0.078720     0.142200     0.261330
Cl     0.055590     0.136910     0.101350
Cl     0.141300     0.010240     0.332250
Cl     0.136430     0.279130     0.322740
Cl    -0.301460     0.145440     0.392720
N     -0.347700     0.245500     0.176200
C     -0.479800     0.295800     0.135300
C     -0.648400     0.359800     0.083300
H     -0.808700     0.326400     0.079700
H     -0.616800     0.373000     0.008100
H     -0.645200     0.427800     0.123300
N     -0.342700     0.033300     0.185200
C     -0.473500    -0.019800     0.148900
C     -0.640700    -0.087000     0.101700
H     -0.800100    -0.051500     0.090000
H     -0.646400    -0.149300     0.149800
H     -0.600400    -0.110200     0.030100
