bin/xyz2fract: ERROR, unit cell not known when processing file 'tests/cases/xyz2fract_001.inp'
