1
 CELL:  6.12030000000000E+00  1.34435000000000E+01  1.37779000000000E+01  9.00000000000000E+01  9.00000000000000E+01  9.92290000000000E+01 
Zr  9.21279999998587E-01  2.61330000001768E-01  1.42200000000000E-01
