bin/xyz2fract: WARNING, Unit cell given in the file 'tests/cases/xyz2fract_012.inp' is different from the one provided on the command line. Taking unit cell from the command line
45
2000000 CELL: 10.000000 10.000000 10.000000 90.000000 90.000000 90.000000 
Nd   -0.103599    0.802856    0.331608
Co   -0.062392    1.034921    0.000000
O    -0.180276    0.918771    0.565862
O    -0.007081    0.996429    0.458502
O     0.025769    0.918396    0.152901
O     0.151649    0.815670    0.298311
O    -0.176874    1.138836    0.140617
O    -0.254827    0.987868    0.285827
O    -0.204930    0.884792   -0.043643
O    -0.209654    0.742419    0.128433
O    -0.006724    0.684585    0.530608
O     0.189643    0.158039    0.325975
O    -0.040861    0.573357    0.260860
O    -0.291632    0.203255    0.935580
O     0.064274    0.386924    0.422449
C     0.142114    0.882809    0.193648
C    -0.240822    0.777652    0.012484
C    -0.082216    0.998551    0.559171
C    -0.242093    1.106683    0.243183
C     0.263403    0.923161    0.116748
C    -0.325534    0.681221   -0.066114
C    -0.052393    1.090828    0.672323
C    -0.308251    1.217501    0.321081
H    -0.096406    0.699928    0.572254
H     0.063443    0.731715    0.584038
H     0.135619    0.181030    0.245080
H     0.140285    0.090333    0.380704
H    -0.068052    0.520620    0.180365
H     0.032714    0.525613    0.308897
H    -0.279701    0.298539    0.907617
H    -0.333740    0.200065    1.026362
H     0.141943    0.333163    0.389193
H     0.092253    0.440046    0.502545
H     0.241221    0.975704    0.025067
H     0.353380    0.864558    0.104064
H     0.277748    0.994601    0.196843
H    -0.402507    0.635663   -0.005593
H    -0.258736    0.604836   -0.103165
H    -0.371006    0.732649   -0.149505
H    -0.110116    1.065425    0.760009
H    -0.090805    1.181908    0.628980
H     0.051072    1.104920    0.700087
H    -0.222568    1.272960    0.285428
H    -0.311075    1.221023    0.429041
H    -0.398630    1.261069    0.281233
