bin/xyz2ortho: ERROR, unit cell not known when processing file 'tests/cases/xyz2ortho_001.inp'
