bin/xyz2ortho: WARNING, unit cell given in the file 'tests/cases/xyz2ortho_005.inp' is different from the one provided on the command line. Taking unit cell from the command line.
45
2000000 LATTICE: 10.000000  0.000000  0.000000  0.000000 10.000000  0.000000 -1.736482  0.000000  9.848078 
Nd    0.288617    9.188901    3.269959
Co    0.000000   10.000000    0.000000
O     0.120109   11.319996    5.579919
O     1.967784   11.606998    4.521251
O     1.426140    9.534001    1.507744
O     3.298314    9.169004    2.941620
O    -0.906499   11.611000    1.386613
O    -1.542987   10.778998    2.818517
O    -1.965115    8.361001   -0.430360
O    -1.629305    7.728005    1.266467
O     1.952406    8.904998    5.232282
O     3.358208    2.933997    3.214413
O     0.677435    6.665996    2.572319
O    -0.685742    6.002001    9.225678
O     2.283473    5.562004    4.165735
C     2.929299    9.366006    1.909547
C    -2.316708    7.568001    0.123104
C     1.348738   12.061997    5.513940
C    -1.424835   11.743002    2.398008
C     4.208012    9.424004    1.151242
C    -3.642043    6.296995   -0.651945
C     2.104999   13.442003    6.629722
C    -1.921281   13.150003    3.166154
H     0.995994    9.232998    5.642950
H     2.992503    9.591003    5.759151
H     2.485868    2.807000    2.416714
H     2.868053    2.515997    3.754091
H     0.076392    5.808998    1.778565
H     1.673905    6.411997    3.046008
H    -0.552118    6.802000    8.949937
H    -0.936576    6.363000   10.120872
H     3.090296    4.898999    3.837800
H     2.893205    6.421000    4.955555
H     3.712409    9.536002    0.247184
H     5.220055    8.803003    1.026167
H     4.665737   10.459995    1.941053
H    -4.434274    6.118000   -0.055152
H    -2.994614    5.399004   -1.017302
H    -4.397048    6.434000   -1.474257
H     1.639539   13.575004    7.494387
H     1.580369   14.134999    6.202320
H     3.450721   13.698000    6.903501
H    -0.944282   13.531998    2.814582
H    -1.640993   13.649998    4.230738
H    -3.100998   13.398995    2.773216
