17
2000001 LATTICE:  6.120300  0.000000  0.000000  0.000000 13.777900  0.000000 -2.156079  0.000000 13.269477 
Zr   -1.045240    1.959220    3.467710
Cl    0.121710    1.886330    1.344860
Cl    0.148440    0.141090    4.408780
Cl    0.139140    3.845830    4.282590
Cl   -2.691760    2.003860    5.211190
N    -2.507930    3.382470    2.338080
C    -3.228240    4.075500    1.795360
C    -4.148000    4.957290    1.105350
H    -5.121330    4.497110    1.057580
H    -3.792470    5.139160    0.107480
H    -4.214660    5.894190    1.636130
N    -2.496730    0.458800    2.457510
C    -3.219000   -0.272800    1.975830
C    -4.140550   -1.198680    1.349510
H    -5.090900   -0.709560    1.194250
H    -4.279140   -2.057040    1.987770
H    -3.739530   -1.518320    0.399410
