70
2200001 CELL:  8.9200 16.2820 18.5040 90.0000 90.0000 90.0000 
O      0.3778     0.5750     0.5883
O      0.5896     0.5464     0.4400
O      0.7049     0.4644     0.5189
O      0.3196     0.5572     0.8573
O      0.2675     0.7363     0.7079
O      0.4381     0.7981     0.7768
N      0.1518     0.6871     0.5573
H      0.1879     0.6944     0.5999
N      0.3164     0.4952     0.4942
H      0.2504     0.4818     0.4624
N      0.1223     0.4329     0.8116
H      0.1074     0.4453     0.8562
N      0.3861     0.5843     0.7426
H      0.3844     0.5676     0.6985
C      0.1866     0.6231     0.5123
C      0.1076     0.6346     0.4503
H      0.1099     0.6008     0.4098
C      0.0224     0.7061     0.4580
H     -0.0426     0.7284     0.4240
C      0.0525     0.7368     0.5245
H      0.0114     0.7843     0.5441
C      0.2983     0.5637     0.5344
C      0.4475     0.4450     0.5051
H      0.4541     0.4302     0.5564
C      0.4417     0.3666     0.4603
H      0.5386     0.3398     0.4637
H      0.4266     0.3817     0.4101
C      0.3211     0.3044     0.4812
H      0.2238     0.3323     0.4818
C      0.3155     0.2362     0.4257
H      0.4094     0.2074     0.4254
H      0.2973     0.2592     0.3787
H      0.2363     0.1987     0.4378
C      0.3496     0.2682     0.5553
H      0.4485     0.2450     0.5568
H      0.2771     0.2260     0.5649
H      0.3412     0.3105     0.5912
C      0.5869     0.4924     0.4842
C      0.8494     0.5019     0.4993
H      0.8783     0.4839     0.4519
H      0.9243     0.4856     0.5337
H      0.8398     0.5606     0.4996
C      0.2198     0.4729     0.7663
C      0.2100     0.4341     0.7017
H      0.2634     0.4474     0.6602
C      0.1061     0.3708     0.7082
H      0.0781     0.3344     0.6719
C      0.0535     0.3715     0.7759
H     -0.0178     0.3358     0.7950
C      0.3105     0.5410     0.7926
C      0.4704     0.6578     0.7596
H      0.4957     0.6570     0.8111
C      0.6155     0.6645     0.7161
H      0.5897     0.6665     0.6652
H      0.6632     0.7163     0.7281
C      0.7287     0.5965     0.7271
H      0.6838     0.5451     0.7100
C      0.8666     0.6139     0.6809
H      0.9237     0.6575     0.7024
H      0.8356     0.6299     0.6332
H      0.9273     0.5654     0.6779
C      0.7721     0.5851     0.8033
H      0.8407     0.5398     0.8071
H      0.6844     0.5738     0.8317
H      0.8195     0.6341     0.8208
C      0.3784     0.7333     0.7445
C      0.3699     0.8775     0.7626
H      0.3500     0.8828     0.7119
H      0.4370     0.9204     0.7777
H      0.2776     0.8819     0.7890
bin/xyz2fract: ERROR, lattice vectors not known when processing file 'tests/cases/xyz2fract_019.inp' (comment: '2200002')
