17
2000001 LATTICE:  6.120300  0.000000  0.000000  0.000000 13.777900  0.000000 -2.156079  0.000000 13.269477 
Zr   -1.045238    1.959217    3.467712
Cl    0.121709    1.886332    1.344861
Cl    0.148441    0.141086    4.408784
Cl    0.139139    3.845825    4.282591
Cl   -2.691761    2.003858    5.211189
N    -2.507929    3.382474    2.338082
C    -3.228237    4.075503    1.795360
C    -4.148004    4.957288    1.105347
H    -5.121326    4.497107    1.057577
H    -3.792465    5.139157    0.107483
H    -4.214662    5.894186    1.636126
N    -2.496733    0.458804    2.457507
C    -3.219002   -0.272802    1.975825
C    -4.140549   -1.198677    1.349506
H    -5.090899   -0.709562    1.194253
H    -4.279143   -2.057040    1.987768
H    -3.739526   -1.518325    0.399411
