1
 CELL:  6.12030 13.44350 13.77790 90.00000 90.00000 99.22900 
Zr   0.92128   0.26133   0.14220
