./bin/xyzformat: ERROR, GNAT.COMMAND_LINE.INVALID_SWITCH: Unrecognized option '--unrecognised-option'
