4
test
C   10.00000  20.00000  30.00000
Ca   1.22000   3.21000  11.00000
O   12.00000  13.00000  14.00000
O   10.00000  11.20000  12.00000
