4
test
C123  1.00000000000000E+01  2.00000000000000E+01  3.00000000000000E+01
Ca12  1.22000000000000E+00  3.21000000000000E+00  1.10000000000000E+01
O   1.20000000000000E+01  1.30000000000000E+01  1.40000000000000E+01
O2  1.00000000000000E+01  1.12000000000000E+01  1.20000000000000E+01
