2
Test -- just right number of atoms
6   1.00000000000000E+01  1.00000000000000E+01  1.00000000000000E+01
7   1.20000000000000E+01  1.20000000000000E+01  9.00000000000000E+00
3
Test -- too many atoms
6   1.00000000000000E+01  1.00000000000000E+01  1.00000000000000E+01
7   1.20000000000000E+01  1.20000000000000E+01  9.00000000000000E+00
6   9.00000000000000E+00  8.00000000000000E+00  7.00000000000000E+00

raised CONSTRAINT_ERROR : bad input for 'Value: "6 12 10 11.0"
